VALUE1=valueForValue1
VALUE2=
VALUE3=valueForValue3
